{"time": "2026-07-26T01:26:05", "level": "INFO", "logger": "mail.imap", "component": "imap", "message": "Connecting to IMAP server"}
{"time": "2026-07-26T01:26:07", "level": "INFO", "logger": "imbox.imbox", "component": "imbox", "message": "Connected to IMAP Server with user blackghost1503@gmail.com on imap.gmail.com over SSL"}
{"time": "2026-07-26T01:26:07", "level": "INFO", "logger": "mail.imap", "component": "imap", "message": "Connected"}
{"time": "2026-07-26T01:26:10", "level": "INFO", "logger": "mail.imap", "component": "imap", "message": "Listed 9 folders"}
{"time": "2026-07-26T01:26:10", "level": "INFO", "logger": "imbox.imbox", "component": "imbox", "message": "Disconnected from IMAP Server blackghost1503@gmail.com@imap.gmail.com"}
{"time": "2026-07-26T01:26:10", "level": "INFO", "logger": "mail.imap", "component": "imap", "message": "Disconnected"}
{"time": "2026-07-26T01:26:44", "level": "INFO", "logger": "mail.imap", "component": "imap", "message": "Connecting to IMAP server"}
{"time": "2026-07-26T01:26:46", "level": "INFO", "logger": "imbox.imbox", "component": "imbox", "message": "Connected to IMAP Server with user blackghost1503@gmail.com on imap.gmail.com over SSL"}
{"time": "2026-07-26T01:26:46", "level": "INFO", "logger": "mail.imap", "component": "imap", "message": "Connected"}
{"time": "2026-07-26T01:26:48", "level": "INFO", "logger": "mail.imap", "component": "imap", "message": "Listed 9 folders"}
{"time": "2026-07-26T01:26:49", "level": "INFO", "logger": "imbox.imbox", "component": "imbox", "message": "Disconnected from IMAP Server blackghost1503@gmail.com@imap.gmail.com"}
{"time": "2026-07-26T01:26:49", "level": "INFO", "logger": "mail.imap", "component": "imap", "message": "Disconnected"}
{"time": "2026-07-26T01:27:44", "level": "INFO", "logger": "mail.imap", "component": "imap", "message": "Connecting to IMAP server"}
{"time": "2026-07-26T01:27:46", "level": "INFO", "logger": "imbox.imbox", "component": "imbox", "message": "Connected to IMAP Server with user blackghost1503@gmail.com on imap.gmail.com over SSL"}
{"time": "2026-07-26T01:27:46", "level": "INFO", "logger": "mail.imap", "component": "imap", "message": "Connected"}
{"time": "2026-07-26T01:27:49", "level": "INFO", "logger": "mail.imap", "component": "imap", "message": "Listed 9 folders"}
{"time": "2026-07-26T01:27:50", "level": "INFO", "logger": "imbox.imbox", "component": "imbox", "message": "Disconnected from IMAP Server blackghost1503@gmail.com@imap.gmail.com"}
{"time": "2026-07-26T01:27:50", "level": "INFO", "logger": "mail.imap", "component": "imap", "message": "Disconnected"}
{"time": "2026-07-26T01:35:13", "level": "INFO", "logger": "qt_bootstrap", "component": "qt_bootstrap", "message": "PySide6 loaded after preloading Qt libraries from C:\\Users\\victo\\miniconda3\\Lib\\site-packages\\PySide6"}
{"time": "2026-07-26T01:35:15", "level": "INFO", "logger": "mail.sync", "component": "sync", "message": "Automatic sync every 60 s", "event": "interval", "seconds": 60}
{"time": "2026-07-26T01:35:52", "level": "INFO", "logger": "qt_bootstrap", "component": "qt_bootstrap", "message": "PySide6 loaded after preloading Qt libraries from C:\\Users\\victo\\miniconda3\\Lib\\site-packages\\PySide6"}
{"time": "2026-07-26T01:35:54", "level": "INFO", "logger": "mail.sync", "component": "sync", "message": "Automatic sync every 60 s", "event": "interval", "seconds": 60}
{"time": "2026-07-26T01:35:54", "level": "INFO", "logger": "mail.sync", "component": "sync", "message": "Automatic sync disabled (manual only)", "event": "interval", "seconds": 0}
{"time": "2026-07-26T01:51:06", "level": "INFO", "logger": "qt_bootstrap", "component": "qt_bootstrap", "message": "PySide6 loaded after preloading Qt libraries from C:\\Users\\victo\\miniconda3\\Lib\\site-packages\\PySide6"}
{"time": "2026-07-26T01:51:07", "level": "INFO", "logger": "mail.sync", "component": "sync", "message": "Automatic sync every 60 s", "event": "interval", "seconds": 60}
{"time": "2026-07-26T01:51:07", "level": "INFO", "logger": "mail.imap", "component": "imap", "message": "Connecting to IMAP server", "event": "connect", "host": "imap.gmail.com", "port": 993, "username": "blackghost1503@gmail.com", "ssl": true, "starttls": false, "folder": "INBOX"}
{"time": "2026-07-26T01:51:10", "level": "INFO", "logger": "imbox.imbox", "component": "imbox", "message": "Connected to IMAP Server with user blackghost1503@gmail.com on imap.gmail.com over SSL"}
{"time": "2026-07-26T01:51:10", "level": "INFO", "logger": "mail.imap", "component": "imap", "message": "Connected", "event": "connected", "capabilities": ["AUTH=OAUTHBEARER", "AUTH=PLAIN", "AUTH=PLAIN-CLIENTTOKEN", "AUTH=XOAUTH2", "CHILDREN", "ID", "IDLE", "IMAP4REV1", "NAMESPACE", "QUOTA", "SASL-IR", "UNSELECT"]}
{"time": "2026-07-26T01:51:14", "level": "INFO", "logger": "mail.imap", "component": "imap", "message": "Listed 9 folders", "event": "list_folders", "count": 9}
{"time": "2026-07-26T01:51:15", "level": "INFO", "logger": "imbox.imbox", "component": "imbox", "message": "Fetch list of messages from folder 'INBOX'"}
{"time": "2026-07-26T01:51:16", "level": "INFO", "logger": "mail.imap", "component": "imap", "message": "Search today in INBOX matched 4 message(s)", "event": "search", "folder": "INBOX", "criteria": "today", "matched": 4}
{"time": "2026-07-26T01:51:19", "level": "INFO", "logger": "mail.sync", "component": "sync", "message": "Synced INBOX: 4 new, 0 flag change(s), 0 removed", "event": "sync_done", "folder": "INBOX", "new": 4, "cached": 0, "flags": 0, "removed": 0, "total": 104, "unread": 1}
{"time": "2026-07-26T01:51:20", "level": "INFO", "logger": "imbox.imbox", "component": "imbox", "message": "Fetch list of messages from folder 'INBOX'"}
{"time": "2026-07-26T01:51:20", "level": "INFO", "logger": "mail.imap", "component": "imap", "message": "Search today in INBOX matched 4 message(s)", "event": "search", "folder": "INBOX", "criteria": "today", "matched": 4}
{"time": "2026-07-26T01:51:20", "level": "INFO", "logger": "mail.sync", "component": "sync", "message": "Synced INBOX: 0 new, 0 flag change(s), 0 removed", "event": "sync_done", "folder": "INBOX", "new": 0, "cached": 0, "flags": 0, "removed": 0, "total": 104, "unread": 1}
{"time": "2026-07-26T01:51:21", "level": "INFO", "logger": "mail.imap", "component": "imap", "message": "Added (\\Seen) on 1 message(s) in INBOX", "event": "store_flags", "folder": "INBOX", "flags": ["\\Seen"], "add": true, "count": 1, "ok": true}
{"time": "2026-07-26T01:52:09", "level": "INFO", "logger": "imbox.imbox", "component": "imbox", "message": "Fetch list of messages from folder 'INBOX'"}
{"time": "2026-07-26T01:52:09", "level": "INFO", "logger": "mail.imap", "component": "imap", "message": "Search today in INBOX matched 4 message(s)", "event": "search", "folder": "INBOX", "criteria": "today", "matched": 4}
{"time": "2026-07-26T01:52:09", "level": "INFO", "logger": "mail.sync", "component": "sync", "message": "Synced INBOX: 0 new, 0 flag change(s), 0 removed", "event": "sync_done", "folder": "INBOX", "new": 0, "cached": 0, "flags": 0, "removed": 0, "total": 104, "unread": 0}
{"time": "2026-07-26T01:52:46", "level": "INFO", "logger": "mail.ui", "component": "ui", "message": "Opening folder [Gmail]/Spam", "event": "open_folder", "folder": "[Gmail]/Spam"}
{"time": "2026-07-26T01:52:47", "level": "INFO", "logger": "imbox.imbox", "component": "imbox", "message": "Fetch list of messages from folder '[Gmail]/Spam'"}
{"time": "2026-07-26T01:52:48", "level": "INFO", "logger": "mail.imap", "component": "imap", "message": "Search today in [Gmail]/Spam matched 1 message(s)", "event": "search", "folder": "[Gmail]/Spam", "criteria": "today", "matched": 1}
{"time": "2026-07-26T01:52:48", "level": "INFO", "logger": "mail.sync", "component": "sync", "message": "Synced [Gmail]/Spam: 1 new, 0 flag change(s), 0 removed", "event": "sync_done", "folder": "[Gmail]/Spam", "new": 1, "cached": 0, "flags": 0, "removed": 0, "total": 1, "unread": 1}
{"time": "2026-07-26T01:52:49", "level": "INFO", "logger": "mail.imap", "component": "imap", "message": "Added (\\Seen) on 1 message(s) in [Gmail]/Spam", "event": "store_flags", "folder": "[Gmail]/Spam", "flags": ["\\Seen"], "add": true, "count": 1, "ok": true}
{"time": "2026-07-26T01:53:02", "level": "INFO", "logger": "mail.ui", "component": "ui", "message": "Opening folder [Gmail]/Important", "event": "open_folder", "folder": "[Gmail]/Important"}
{"time": "2026-07-26T01:53:05", "level": "INFO", "logger": "imbox.imbox", "component": "imbox", "message": "Fetch list of messages from folder '[Gmail]/Important'"}
{"time": "2026-07-26T01:53:05", "level": "INFO", "logger": "mail.imap", "component": "imap", "message": "Search today in [Gmail]/Important matched 4 message(s)", "event": "search", "folder": "[Gmail]/Important", "criteria": "today", "matched": 4}
{"time": "2026-07-26T01:53:07", "level": "INFO", "logger": "mail.sync", "component": "sync", "message": "Synced [Gmail]/Important: 4 new, 0 flag change(s), 0 removed", "event": "sync_done", "folder": "[Gmail]/Important", "new": 4, "cached": 0, "flags": 0, "removed": 0, "total": 3528, "unread": 1}
{"time": "2026-07-26T01:53:09", "level": "INFO", "logger": "imbox.imbox", "component": "imbox", "message": "Fetch list of messages from folder '[Gmail]/Important'"}
{"time": "2026-07-26T01:53:10", "level": "INFO", "logger": "mail.imap", "component": "imap", "message": "Search today in [Gmail]/Important matched 4 message(s)", "event": "search", "folder": "[Gmail]/Important", "criteria": "today", "matched": 4}
{"time": "2026-07-26T01:53:10", "level": "INFO", "logger": "mail.sync", "component": "sync", "message": "Synced [Gmail]/Important: 0 new, 0 flag change(s), 0 removed", "event": "sync_done", "folder": "[Gmail]/Important", "new": 0, "cached": 0, "flags": 0, "removed": 0, "total": 3528, "unread": 1}
{"time": "2026-07-26T01:53:10", "level": "INFO", "logger": "mail.ui", "component": "ui", "message": "Opening folder [Gmail]/All Mail", "event": "open_folder", "folder": "[Gmail]/All Mail"}
{"time": "2026-07-26T01:53:13", "level": "WARNING", "logger": "mail.sync", "component": "sync", "message": "Sync of [Gmail]/All Mail failed: The mail server rejected the request: SELECT command error: BAD [b'Could not parse command']", "event": "sync_failed", "folder": "[Gmail]/All Mail", "error_type": "ReceiveError"}
{"time": "2026-07-26T01:53:21", "level": "INFO", "logger": "mail.ui", "component": "ui", "message": "Opening folder INBOX", "event": "open_folder", "folder": "INBOX"}
{"time": "2026-07-26T01:53:22", "level": "INFO", "logger": "imbox.imbox", "component": "imbox", "message": "Fetch list of messages from folder 'INBOX'"}
{"time": "2026-07-26T01:53:23", "level": "INFO", "logger": "mail.imap", "component": "imap", "message": "Search today in INBOX matched 4 message(s)", "event": "search", "folder": "INBOX", "criteria": "today", "matched": 4}
{"time": "2026-07-26T01:53:23", "level": "INFO", "logger": "mail.sync", "component": "sync", "message": "Synced INBOX: 0 new, 0 flag change(s), 0 removed", "event": "sync_done", "folder": "INBOX", "new": 0, "cached": 0, "flags": 0, "removed": 0, "total": 104, "unread": 0}
{"time": "2026-07-26T01:54:09", "level": "INFO", "logger": "imbox.imbox", "component": "imbox", "message": "Fetch list of messages from folder 'INBOX'"}
{"time": "2026-07-26T01:54:09", "level": "INFO", "logger": "mail.imap", "component": "imap", "message": "Search today in INBOX matched 4 message(s)", "event": "search", "folder": "INBOX", "criteria": "today", "matched": 4}
{"time": "2026-07-26T01:54:09", "level": "INFO", "logger": "mail.sync", "component": "sync", "message": "Synced INBOX: 0 new, 0 flag change(s), 0 removed", "event": "sync_done", "folder": "INBOX", "new": 0, "cached": 0, "flags": 0, "removed": 0, "total": 104, "unread": 0}
{"time": "2026-07-26T01:54:19", "level": "INFO", "logger": "mail.imap", "component": "imap", "message": "Connecting to IMAP server", "event": "connect", "host": "imap.gmail.com", "port": 993, "username": "blackghost1503@gmail.com", "ssl": true, "starttls": false, "folder": "INBOX"}
{"time": "2026-07-26T01:54:21", "level": "INFO", "logger": "imbox.imbox", "component": "imbox", "message": "Connected to IMAP Server with user blackghost1503@gmail.com on imap.gmail.com over SSL"}
{"time": "2026-07-26T01:54:21", "level": "INFO", "logger": "mail.imap", "component": "imap", "message": "Connected", "event": "connected", "capabilities": ["AUTH=OAUTHBEARER", "AUTH=PLAIN", "AUTH=PLAIN-CLIENTTOKEN", "AUTH=XOAUTH2", "CHILDREN", "ID", "IDLE", "IMAP4REV1", "NAMESPACE", "QUOTA", "SASL-IR", "UNSELECT"]}
{"time": "2026-07-26T01:54:21", "level": "INFO", "logger": "mail.imap", "component": "imap", "message": "Listed 9 folders", "event": "list_folders", "count": 9}
{"time": "2026-07-26T01:54:22", "level": "INFO", "logger": "imbox.imbox", "component": "imbox", "message": "Disconnected from IMAP Server blackghost1503@gmail.com@imap.gmail.com"}
{"time": "2026-07-26T01:54:22", "level": "INFO", "logger": "mail.imap", "component": "imap", "message": "Disconnected", "event": "logout"}
{"time": "2026-07-26T01:55:09", "level": "INFO", "logger": "imbox.imbox", "component": "imbox", "message": "Fetch list of messages from folder 'INBOX'"}
{"time": "2026-07-26T01:55:09", "level": "INFO", "logger": "mail.imap", "component": "imap", "message": "Search today in INBOX matched 4 message(s)", "event": "search", "folder": "INBOX", "criteria": "today", "matched": 4}
{"time": "2026-07-26T01:55:09", "level": "INFO", "logger": "mail.sync", "component": "sync", "message": "Synced INBOX: 0 new, 0 flag change(s), 0 removed", "event": "sync_done", "folder": "INBOX", "new": 0, "cached": 0, "flags": 0, "removed": 0, "total": 104, "unread": 0}
{"time": "2026-07-26T01:55:14", "level": "INFO", "logger": "config", "component": "config", "message": "Settings written to E:\\Studio\\EmailChecking\\config.ini"}
{"time": "2026-07-26T01:55:14", "level": "INFO", "logger": "mail.settings", "component": "config", "message": "Settings updated", "event": "settings_saved", "interval": 300, "theme": "light", "host": "imap.gmail.com", "port": 993, "username": "blackghost1503@gmail.com", "ssl": true, "starttls": false, "folder": "INBOX"}
{"time": "2026-07-26T01:55:14", "level": "INFO", "logger": "mail.sync", "component": "sync", "message": "Automatic sync every 300 s", "event": "interval", "seconds": 300}
{"time": "2026-07-26T01:55:31", "level": "INFO", "logger": "config", "component": "config", "message": "Settings written to E:\\Studio\\EmailChecking\\config.ini"}
{"time": "2026-07-26T01:55:31", "level": "INFO", "logger": "mail.settings", "component": "config", "message": "Settings updated", "event": "settings_saved", "interval": 300, "theme": "light", "host": "imap.gmail.com", "port": 993, "username": "blackghost1503@gmail.com", "ssl": true, "starttls": false, "folder": "INBOX"}
{"time": "2026-07-26T01:55:31", "level": "INFO", "logger": "mail.sync", "component": "sync", "message": "Automatic sync every 300 s", "event": "interval", "seconds": 300}
{"time": "2026-07-26T01:55:37", "level": "INFO", "logger": "config", "component": "config", "message": "Settings written to E:\\Studio\\EmailChecking\\config.ini"}
{"time": "2026-07-26T01:55:37", "level": "INFO", "logger": "mail.settings", "component": "config", "message": "Settings updated", "event": "settings_saved", "interval": 300, "theme": "dark", "host": "imap.gmail.com", "port": 993, "username": "blackghost1503@gmail.com", "ssl": true, "starttls": false, "folder": "INBOX"}
{"time": "2026-07-26T01:55:37", "level": "INFO", "logger": "mail.sync", "component": "sync", "message": "Automatic sync every 300 s", "event": "interval", "seconds": 300}
{"time": "2026-07-26T01:55:53", "level": "INFO", "logger": "imbox.imbox", "component": "imbox", "message": "Fetch list of messages from folder 'INBOX'"}
{"time": "2026-07-26T01:55:54", "level": "INFO", "logger": "mail.imap", "component": "imap", "message": "Search today in INBOX matched 4 message(s)", "event": "search", "folder": "INBOX", "criteria": "today", "matched": 4}
{"time": "2026-07-26T01:55:54", "level": "INFO", "logger": "mail.sync", "component": "sync", "message": "Synced INBOX: 0 new, 0 flag change(s), 0 removed", "event": "sync_done", "folder": "INBOX", "new": 0, "cached": 0, "flags": 0, "removed": 0, "total": 104, "unread": 0}
{"time": "2026-07-26T01:56:16", "level": "INFO", "logger": "mail.ui", "component": "ui", "message": "Opening folder [Gmail]/All Mail", "event": "open_folder", "folder": "[Gmail]/All Mail"}
{"time": "2026-07-26T01:56:19", "level": "WARNING", "logger": "mail.sync", "component": "sync", "message": "Sync of [Gmail]/All Mail failed: The mail server rejected the request: SELECT command error: BAD [b'Could not parse command']", "event": "sync_failed", "folder": "[Gmail]/All Mail", "error_type": "ReceiveError"}
{"time": "2026-07-26T01:56:26", "level": "INFO", "logger": "mail.ui", "component": "ui", "message": "Opening folder [Gmail]/Important", "event": "open_folder", "folder": "[Gmail]/Important"}
{"time": "2026-07-26T01:56:27", "level": "INFO", "logger": "mail.ui", "component": "ui", "message": "Opening folder [Gmail]/All Mail", "event": "open_folder", "folder": "[Gmail]/All Mail"}
{"time": "2026-07-26T01:56:28", "level": "INFO", "logger": "imbox.imbox", "component": "imbox", "message": "Fetch list of messages from folder '[Gmail]/Important'"}
{"time": "2026-07-26T01:56:29", "level": "INFO", "logger": "mail.imap", "component": "imap", "message": "Search today in [Gmail]/Important matched 4 message(s)", "event": "search", "folder": "[Gmail]/Important", "criteria": "today", "matched": 4}
{"time": "2026-07-26T01:56:29", "level": "INFO", "logger": "mail.ui", "component": "ui", "message": "Opening folder [Gmail]/Starred", "event": "open_folder", "folder": "[Gmail]/Starred"}
{"time": "2026-07-26T01:56:29", "level": "INFO", "logger": "mail.sync", "component": "sync", "message": "Synced [Gmail]/Important: 0 new, 0 flag change(s), 0 removed", "event": "sync_done", "folder": "[Gmail]/Important", "new": 0, "cached": 0, "flags": 0, "removed": 0, "total": 3528, "unread": 1}
{"time": "2026-07-26T01:56:30", "level": "INFO", "logger": "mail.ui", "component": "ui", "message": "Opening folder [Gmail]/Important", "event": "open_folder", "folder": "[Gmail]/Important"}
{"time": "2026-07-26T01:56:31", "level": "INFO", "logger": "mail.ui", "component": "ui", "message": "Opening folder [Gmail]/Spam", "event": "open_folder", "folder": "[Gmail]/Spam"}
{"time": "2026-07-26T01:56:32", "level": "WARNING", "logger": "mail.sync", "component": "sync", "message": "Sync of [Gmail]/All Mail failed: The mail server rejected the request: SELECT command error: BAD [b'Could not parse command']", "event": "sync_failed", "folder": "[Gmail]/All Mail", "error_type": "ReceiveError"}
{"time": "2026-07-26T01:56:33", "level": "INFO", "logger": "mail.ui", "component": "ui", "message": "Opening folder [Gmail]/Sent Mail", "event": "open_folder", "folder": "[Gmail]/Sent Mail"}
{"time": "2026-07-26T01:56:35", "level": "INFO", "logger": "mail.ui", "component": "ui", "message": "Opening folder [Gmail]/Drafts", "event": "open_folder", "folder": "[Gmail]/Drafts"}
{"time": "2026-07-26T01:56:35", "level": "INFO", "logger": "imbox.imbox", "component": "imbox", "message": "Fetch list of messages from folder '[Gmail]/Starred'"}
{"time": "2026-07-26T01:56:35", "level": "INFO", "logger": "mail.imap", "component": "imap", "message": "Search today in [Gmail]/Starred matched 0 message(s)", "event": "search", "folder": "[Gmail]/Starred", "criteria": "today", "matched": 0}
{"time": "2026-07-26T01:56:35", "level": "INFO", "logger": "mail.sync", "component": "sync", "message": "Synced [Gmail]/Starred: 0 new, 0 flag change(s), 0 removed", "event": "sync_done", "folder": "[Gmail]/Starred", "new": 0, "cached": 0, "flags": 0, "removed": 0, "total": 0, "unread": 0}
{"time": "2026-07-26T01:56:37", "level": "INFO", "logger": "imbox.imbox", "component": "imbox", "message": "Fetch list of messages from folder '[Gmail]/Important'"}
{"time": "2026-07-26T01:56:38", "level": "INFO", "logger": "mail.ui", "component": "ui", "message": "Opening folder [Gmail]/All Mail", "event": "open_folder", "folder": "[Gmail]/All Mail"}
{"time": "2026-07-26T01:56:38", "level": "INFO", "logger": "mail.imap", "component": "imap", "message": "Search today in [Gmail]/Important matched 4 message(s)", "event": "search", "folder": "[Gmail]/Important", "criteria": "today", "matched": 4}
{"time": "2026-07-26T01:56:38", "level": "INFO", "logger": "mail.sync", "component": "sync", "message": "Synced [Gmail]/Important: 0 new, 0 flag change(s), 0 removed", "event": "sync_done", "folder": "[Gmail]/Important", "new": 0, "cached": 0, "flags": 0, "removed": 0, "total": 3528, "unread": 1}
{"time": "2026-07-26T01:56:39", "level": "INFO", "logger": "imbox.imbox", "component": "imbox", "message": "Fetch list of messages from folder '[Gmail]/Spam'"}
{"time": "2026-07-26T01:56:40", "level": "INFO", "logger": "mail.imap", "component": "imap", "message": "Search today in [Gmail]/Spam matched 1 message(s)", "event": "search", "folder": "[Gmail]/Spam", "criteria": "today", "matched": 1}
{"time": "2026-07-26T01:56:40", "level": "INFO", "logger": "mail.sync", "component": "sync", "message": "Synced [Gmail]/Spam: 0 new, 0 flag change(s), 0 removed", "event": "sync_done", "folder": "[Gmail]/Spam", "new": 0, "cached": 0, "flags": 0, "removed": 0, "total": 1, "unread": 0}
{"time": "2026-07-26T01:56:41", "level": "WARNING", "logger": "mail.sync", "component": "sync", "message": "Sync of [Gmail]/Sent Mail failed: The mail server rejected the request: SELECT command error: BAD [b'Could not parse command']", "event": "sync_failed", "folder": "[Gmail]/Sent Mail", "error_type": "ReceiveError"}
{"time": "2026-07-26T01:56:43", "level": "INFO", "logger": "imbox.imbox", "component": "imbox", "message": "Fetch list of messages from folder '[Gmail]/Drafts'"}
{"time": "2026-07-26T01:56:43", "level": "INFO", "logger": "mail.imap", "component": "imap", "message": "Search today in [Gmail]/Drafts matched 0 message(s)", "event": "search", "folder": "[Gmail]/Drafts", "criteria": "today", "matched": 0}
{"time": "2026-07-26T01:56:43", "level": "INFO", "logger": "mail.sync", "component": "sync", "message": "Synced [Gmail]/Drafts: 0 new, 0 flag change(s), 0 removed", "event": "sync_done", "folder": "[Gmail]/Drafts", "new": 0, "cached": 0, "flags": 0, "removed": 0, "total": 0, "unread": 0}
{"time": "2026-07-26T01:56:46", "level": "WARNING", "logger": "mail.sync", "component": "sync", "message": "Sync of [Gmail]/All Mail failed: The mail server rejected the request: SELECT command error: BAD [b'Could not parse command']", "event": "sync_failed", "folder": "[Gmail]/All Mail", "error_type": "ReceiveError"}
{"time": "2026-07-26T01:57:19", "level": "INFO", "logger": "mail.ui", "component": "ui", "message": "Opening folder [Gmail]/Important", "event": "open_folder", "folder": "[Gmail]/Important"}
{"time": "2026-07-26T01:57:21", "level": "INFO", "logger": "mail.ui", "component": "ui", "message": "Opening folder [Gmail]/All Mail", "event": "open_folder", "folder": "[Gmail]/All Mail"}
{"time": "2026-07-26T01:57:22", "level": "INFO", "logger": "mail.ui", "component": "ui", "message": "Opening folder [Gmail]/Trash", "event": "open_folder", "folder": "[Gmail]/Trash"}
{"time": "2026-07-26T01:57:22", "level": "INFO", "logger": "mail.ui", "component": "ui", "message": "Opening folder [Gmail]/Spam", "event": "open_folder", "folder": "[Gmail]/Spam"}
{"time": "2026-07-26T01:57:23", "level": "INFO", "logger": "mail.ui", "component": "ui", "message": "Opening folder [Gmail]/Sent Mail", "event": "open_folder", "folder": "[Gmail]/Sent Mail"}
{"time": "2026-07-26T01:57:24", "level": "INFO", "logger": "mail.ui", "component": "ui", "message": "Opening folder [Gmail]/Drafts", "event": "open_folder", "folder": "[Gmail]/Drafts"}
{"time": "2026-07-26T01:57:25", "level": "INFO", "logger": "mail.ui", "component": "ui", "message": "Opening folder INBOX", "event": "open_folder", "folder": "INBOX"}
{"time": "2026-07-26T01:57:49", "level": "INFO", "logger": "config", "component": "config", "message": "Settings written to E:\\Studio\\EmailChecking\\config.ini"}
{"time": "2026-07-26T01:57:49", "level": "INFO", "logger": "mail.settings", "component": "config", "message": "Settings updated", "event": "settings_saved", "interval": 300, "theme": "system", "host": "imap.gmail.com", "port": 993, "username": "blackghost1503@gmail.com", "ssl": true, "starttls": false, "folder": "INBOX"}
{"time": "2026-07-26T01:57:49", "level": "INFO", "logger": "mail.sync", "component": "sync", "message": "Automatic sync every 300 s", "event": "interval", "seconds": 300}
{"time": "2026-07-26T01:58:50", "level": "INFO", "logger": "mail.storage", "component": "sync", "message": "Pruned 4 cached message(s) from [Gmail]/Important", "event": "cache_prune", "folder": "[Gmail]/Important", "removed": 4}
{"time": "2026-07-26T01:58:50", "level": "INFO", "logger": "mail.sync", "component": "sync", "message": "Synced [Gmail]/Important: 200 new, 0 flag change(s), 0 removed", "event": "sync_done", "folder": "[Gmail]/Important", "new": 200, "cached": 0, "flags": 0, "removed": 0, "total": 3528, "unread": 1}
{"time": "2026-07-26T01:59:20", "level": "INFO", "logger": "mail.smtp", "component": "smtp", "message": "Sending message to 1 recipient(s)", "event": "send", "recipients": 1, "bytes": 1311, "subject_length": 12, "host": "smtp.gmail.com", "port": 587, "security": "starttls", "username": "blackghost1503@gmail.com"}
{"time": "2026-07-26T02:00:15", "level": "INFO", "logger": "mail.sync", "component": "sync", "message": "Synced [Gmail]/All Mail: 200 new, 0 flag change(s), 0 removed", "event": "sync_done", "folder": "[Gmail]/All Mail", "new": 200, "cached": 0, "flags": 0, "removed": 0, "total": 4701, "unread": 1}
{"time": "2026-07-26T02:00:17", "level": "INFO", "logger": "mail.sync", "component": "sync", "message": "Synced [Gmail]/Trash: 0 new, 0 flag change(s), 0 removed", "event": "sync_done", "folder": "[Gmail]/Trash", "new": 0, "cached": 0, "flags": 0, "removed": 0, "total": 0, "unread": 0}
{"time": "2026-07-26T02:00:18", "level": "INFO", "logger": "mail.sync", "component": "sync", "message": "Synced [Gmail]/Spam: 0 new, 0 flag change(s), 0 removed", "event": "sync_done", "folder": "[Gmail]/Spam", "new": 0, "cached": 0, "flags": 0, "removed": 0, "total": 1, "unread": 0}
{"time": "2026-07-26T02:00:21", "level": "INFO", "logger": "mail.sync", "component": "sync", "message": "Synced [Gmail]/Sent Mail: 6 new, 0 flag change(s), 0 removed", "event": "sync_done", "folder": "[Gmail]/Sent Mail", "new": 6, "cached": 0, "flags": 0, "removed": 0, "total": 6, "unread": 0}
{"time": "2026-07-26T02:00:23", "level": "INFO", "logger": "mail.sync", "component": "sync", "message": "Synced [Gmail]/Drafts: 0 new, 0 flag change(s), 0 removed", "event": "sync_done", "folder": "[Gmail]/Drafts", "new": 0, "cached": 0, "flags": 0, "removed": 0, "total": 0, "unread": 0}
{"time": "2026-07-26T02:01:07", "level": "INFO", "logger": "mail.sync", "component": "sync", "message": "Synced INBOX: 100 new, 0 flag change(s), 0 removed", "event": "sync_done", "folder": "INBOX", "new": 100, "cached": 0, "flags": 0, "removed": 0, "total": 104, "unread": 0}
{"time": "2026-07-26T02:01:08", "level": "INFO", "logger": "mail.imap", "component": "imap", "message": "Added (\\Flagged) on 1 message(s) in INBOX", "event": "store_flags", "folder": "INBOX", "flags": ["\\Flagged"], "add": true, "count": 1, "ok": true}
{"time": "2026-07-26T02:01:08", "level": "INFO", "logger": "mail.imap", "component": "imap", "message": "Added (\\Flagged) on 1 message(s) in INBOX", "event": "store_flags", "folder": "INBOX", "flags": ["\\Flagged"], "add": true, "count": 1, "ok": true}
{"time": "2026-07-26T02:01:09", "level": "INFO", "logger": "mail.imap", "component": "imap", "message": "Removed (\\Seen) on 1 message(s) in INBOX", "event": "store_flags", "folder": "INBOX", "flags": ["\\Seen"], "add": false, "count": 1, "ok": true}
{"time": "2026-07-26T02:01:11", "level": "INFO", "logger": "mail.imap", "component": "imap", "message": "APPEND to [Gmail]/Drafts: OK", "event": "append", "folder": "[Gmail]/Drafts", "bytes": 1311, "ok": true}
{"time": "2026-07-26T02:01:19", "level": "INFO", "logger": "mail.imap", "component": "imap", "message": "Added (\\Seen) on 1 message(s) in INBOX", "event": "store_flags", "folder": "INBOX", "flags": ["\\Seen"], "add": true, "count": 1, "ok": true}
{"time": "2026-07-26T02:01:23", "level": "INFO", "logger": "mail.imap", "component": "imap", "message": "Added (\\Seen) on 1 message(s) in INBOX", "event": "store_flags", "folder": "INBOX", "flags": ["\\Seen"], "add": true, "count": 1, "ok": true}
{"time": "2026-07-26T02:02:50", "level": "INFO", "logger": "mail.sync", "component": "sync", "message": "Synced INBOX: 0 new, 0 flag change(s), 0 removed", "event": "sync_done", "folder": "INBOX", "new": 0, "cached": 0, "flags": 0, "removed": 0, "total": 104, "unread": 1}
{"time": "2026-07-26T02:05:54", "level": "INFO", "logger": "mail.imap", "component": "imap", "message": "Added (\\Seen) on 1 message(s) in INBOX", "event": "store_flags", "folder": "INBOX", "flags": ["\\Seen"], "add": true, "count": 1, "ok": true}
{"time": "2026-07-26T02:05:58", "level": "INFO", "logger": "mail.imap", "component": "imap", "message": "Removed (\\Flagged) on 1 message(s) in INBOX", "event": "store_flags", "folder": "INBOX", "flags": ["\\Flagged"], "add": false, "count": 1, "ok": true}
{"time": "2026-07-26T02:06:04", "level": "INFO", "logger": "mail.imap", "component": "imap", "message": "Added (\\Seen) on 1 message(s) in INBOX", "event": "store_flags", "folder": "INBOX", "flags": ["\\Seen"], "add": true, "count": 1, "ok": true}
{"time": "2026-07-26T02:06:07", "level": "INFO", "logger": "mail.imap", "component": "imap", "message": "Added (\\Seen) on 1 message(s) in INBOX", "event": "store_flags", "folder": "INBOX", "flags": ["\\Seen"], "add": true, "count": 1, "ok": true}
{"time": "2026-07-26T02:06:10", "level": "INFO", "logger": "mail.ui", "component": "ui", "message": "Opening folder [Gmail]/Important", "event": "open_folder", "folder": "[Gmail]/Important"}
{"time": "2026-07-26T02:06:12", "level": "INFO", "logger": "mail.ui", "component": "ui", "message": "Opening folder [Gmail]/All Mail", "event": "open_folder", "folder": "[Gmail]/All Mail"}
{"time": "2026-07-26T02:07:39", "level": "INFO", "logger": "mail.storage", "component": "sync", "message": "Pruned 200 cached message(s) from [Gmail]/Important", "event": "cache_prune", "folder": "[Gmail]/Important", "removed": 200}
{"time": "2026-07-26T02:07:39", "level": "INFO", "logger": "mail.sync", "component": "sync", "message": "Synced [Gmail]/Important: 200 new, 0 flag change(s), 0 removed", "event": "sync_done", "folder": "[Gmail]/Important", "new": 200, "cached": 0, "flags": 0, "removed": 0, "total": 3528, "unread": 1}
{"time": "2026-07-26T02:09:08", "level": "INFO", "logger": "mail.storage", "component": "sync", "message": "Pruned 200 cached message(s) from [Gmail]/All Mail", "event": "cache_prune", "folder": "[Gmail]/All Mail", "removed": 200}
{"time": "2026-07-26T02:09:08", "level": "INFO", "logger": "mail.sync", "component": "sync", "message": "Synced [Gmail]/All Mail: 200 new, 0 flag change(s), 0 removed", "event": "sync_done", "folder": "[Gmail]/All Mail", "new": 200, "cached": 0, "flags": 0, "removed": 0, "total": 4702, "unread": 2}
{"time": "2026-07-26T02:09:08", "level": "INFO", "logger": "mail.imap", "component": "imap", "message": "Added (\\Seen) on 1 message(s) in [Gmail]/All Mail", "event": "store_flags", "folder": "[Gmail]/All Mail", "flags": ["\\Seen"], "add": true, "count": 1, "ok": true}
{"time": "2026-07-26T02:09:09", "level": "INFO", "logger": "mail.imap", "component": "imap", "message": "Added (\\Seen) on 1 message(s) in [Gmail]/All Mail", "event": "store_flags", "folder": "[Gmail]/All Mail", "flags": ["\\Seen"], "add": true, "count": 1, "ok": true}
{"time": "2026-07-26T02:09:10", "level": "INFO", "logger": "mail.imap", "component": "imap", "message": "Added (\\Seen) on 1 message(s) in [Gmail]/All Mail", "event": "store_flags", "folder": "[Gmail]/All Mail", "flags": ["\\Seen"], "add": true, "count": 1, "ok": true}
{"time": "2026-07-26T02:09:11", "level": "INFO", "logger": "mail.imap", "component": "imap", "message": "Added (\\Seen) on 1 message(s) in [Gmail]/All Mail", "event": "store_flags", "folder": "[Gmail]/All Mail", "flags": ["\\Seen"], "add": true, "count": 1, "ok": true}
{"time": "2026-07-26T02:10:47", "level": "INFO", "logger": "mail.imap", "component": "imap", "message": "Removed (\\Seen) on 1 message(s) in [Gmail]/All Mail", "event": "store_flags", "folder": "[Gmail]/All Mail", "flags": ["\\Seen"], "add": false, "count": 1, "ok": true}
{"time": "2026-07-26T02:10:50", "level": "INFO", "logger": "mail.imap", "component": "imap", "message": "Added (\\Seen) on 1 message(s) in [Gmail]/All Mail", "event": "store_flags", "folder": "[Gmail]/All Mail", "flags": ["\\Seen"], "add": true, "count": 1, "ok": true}
{"time": "2026-07-26T02:10:55", "level": "INFO", "logger": "mail.ui", "component": "ui", "message": "Opening folder [Gmail]/Important", "event": "open_folder", "folder": "[Gmail]/Important"}
{"time": "2026-07-26T02:11:10", "level": "INFO", "logger": "mail.ui", "component": "ui", "message": "Opening folder INBOX", "event": "open_folder", "folder": "INBOX"}
{"time": "2026-07-26T02:11:34", "level": "INFO", "logger": "mail.ui", "component": "ui", "message": "Delete requested for 35 message(s)", "event": "delete_request", "folder": "INBOX", "count": 35, "permanent": true}
{"time": "2026-07-26T02:12:11", "level": "INFO", "logger": "mail.storage", "component": "sync", "message": "Pruned 200 cached message(s) from [Gmail]/Important", "event": "cache_prune", "folder": "[Gmail]/Important", "removed": 200}
{"time": "2026-07-26T02:12:11", "level": "INFO", "logger": "mail.sync", "component": "sync", "message": "Synced [Gmail]/Important: 200 new, 1 flag change(s), 0 removed", "event": "sync_done", "folder": "[Gmail]/Important", "new": 200, "cached": 0, "flags": 1, "removed": 0, "total": 3528, "unread": 0}
{"time": "2026-07-26T02:12:12", "level": "INFO", "logger": "mail.sync", "component": "sync", "message": "Synced INBOX: 0 new, 0 flag change(s), 0 removed", "event": "sync_done", "folder": "INBOX", "new": 0, "cached": 0, "flags": 0, "removed": 0, "total": 104, "unread": 0}
{"time": "2026-07-26T02:12:13", "level": "INFO", "logger": "mail.imap", "component": "imap", "message": "Permanently deleted 35 message(s) from INBOX", "event": "delete", "folder": "INBOX", "count": 35, "permanent": true}
{"time": "2026-07-26T02:12:13", "level": "INFO", "logger": "mail.storage", "component": "sync", "message": "Removed 35 message(s) from INBOX", "event": "store_remove", "folder": "INBOX", "uids": [4589, 4588, 4587, 4586, 4585, 4584, 4583, 4582, 4581, 4580, 4579, 4578, 4577, 4576, 4575, 4574, 4573, 4572, 4571, 4570, 4569, 4568, 4567, 4566, 4565, 4564, 4563, 4562, 4561, 4560, 4559, 4558, 4557, 4556, 4555]}
{"time": "2026-07-26T02:12:50", "level": "INFO", "logger": "mail.sync", "component": "sync", "message": "Synced INBOX: 0 new, 0 flag change(s), 0 removed", "event": "sync_done", "folder": "INBOX", "new": 0, "cached": 0, "flags": 0, "removed": 0, "total": 69, "unread": 0}
{"time": "2026-07-26T02:13:18", "level": "INFO", "logger": "mail.ui", "component": "ui", "message": "Delete requested for 50 message(s)", "event": "delete_request", "folder": "INBOX", "count": 50, "permanent": true}
{"time": "2026-07-26T02:13:19", "level": "INFO", "logger": "mail.imap", "component": "imap", "message": "Permanently deleted 50 message(s) from INBOX", "event": "delete", "folder": "INBOX", "count": 50, "permanent": true}
{"time": "2026-07-26T02:13:19", "level": "INFO", "logger": "mail.storage", "component": "sync", "message": "Removed 50 message(s) from INBOX", "event": "store_remove", "folder": "INBOX", "uids": [4590, 4639, 4638, 4637, 4636, 4635, 4634, 4633, 4632, 4631, 4630, 4629, 4628, 4626, 4627, 4625, 4624, 4623, 4622, 4621, 4620, 4619, 4618, 4617, 4616, 4615, 4614, 4613, 4612, 4611, 4610, 4609, 4608, 4607, 4606, 4605, 4604, 4603, 4602, 4601, 4600, 4599, 4598, 4597, 4596, 4595, 4594, 4593, 4592, 4591]}
{"time": "2026-07-26T02:13:28", "level": "INFO", "logger": "mail.ui", "component": "ui", "message": "Delete requested for 15 message(s)", "event": "delete_request", "folder": "INBOX", "count": 15, "permanent": true}
{"time": "2026-07-26T02:13:30", "level": "INFO", "logger": "mail.imap", "component": "imap", "message": "Permanently deleted 15 message(s) from INBOX", "event": "delete", "folder": "INBOX", "count": 15, "permanent": true}
{"time": "2026-07-26T02:13:30", "level": "INFO", "logger": "mail.storage", "component": "sync", "message": "Removed 15 message(s) from INBOX", "event": "store_remove", "folder": "INBOX", "uids": [4640, 4654, 4653, 4652, 4651, 4650, 4649, 4648, 4647, 4646, 4645, 4644, 4643, 4642, 4641]}
{"time": "2026-07-26T02:13:38", "level": "INFO", "logger": "mail.ui", "component": "ui", "message": "Opening folder [Gmail]/Drafts", "event": "open_folder", "folder": "[Gmail]/Drafts"}
{"time": "2026-07-26T02:13:39", "level": "INFO", "logger": "mail.sync", "component": "sync", "message": "Synced [Gmail]/Drafts: 1 new, 0 flag change(s), 0 removed", "event": "sync_done", "folder": "[Gmail]/Drafts", "new": 1, "cached": 0, "flags": 0, "removed": 0, "total": 1, "unread": 0}
{"time": "2026-07-26T02:13:41", "level": "INFO", "logger": "mail.ui", "component": "ui", "message": "Opening folder [Gmail]/Sent Mail", "event": "open_folder", "folder": "[Gmail]/Sent Mail"}
{"time": "2026-07-26T02:13:42", "level": "INFO", "logger": "mail.sync", "component": "sync", "message": "Synced [Gmail]/Sent Mail: 0 new, 0 flag change(s), 0 removed", "event": "sync_done", "folder": "[Gmail]/Sent Mail", "new": 0, "cached": 0, "flags": 0, "removed": 0, "total": 6, "unread": 0}
{"time": "2026-07-26T02:15:08", "level": "INFO", "logger": "mail.ui", "component": "ui", "message": "Opening folder [Gmail]/Spam", "event": "open_folder", "folder": "[Gmail]/Spam"}
{"time": "2026-07-26T02:15:09", "level": "INFO", "logger": "mail.sync", "component": "sync", "message": "Synced [Gmail]/Spam: 0 new, 0 flag change(s), 0 removed", "event": "sync_done", "folder": "[Gmail]/Spam", "new": 0, "cached": 0, "flags": 0, "removed": 0, "total": 1, "unread": 0}
{"time": "2026-07-26T02:15:10", "level": "INFO", "logger": "mail.ui", "component": "ui", "message": "Opening folder [Gmail]/Trash", "event": "open_folder", "folder": "[Gmail]/Trash"}
{"time": "2026-07-26T02:15:11", "level": "INFO", "logger": "mail.sync", "component": "sync", "message": "Synced [Gmail]/Trash: 0 new, 0 flag change(s), 0 removed", "event": "sync_done", "folder": "[Gmail]/Trash", "new": 0, "cached": 0, "flags": 0, "removed": 0, "total": 0, "unread": 0}
{"time": "2026-07-26T02:15:11", "level": "INFO", "logger": "mail.ui", "component": "ui", "message": "Opening folder [Gmail]/All Mail", "event": "open_folder", "folder": "[Gmail]/All Mail"}
{"time": "2026-07-26T02:15:18", "level": "INFO", "logger": "mail.ui", "component": "ui", "message": "Opening folder [Gmail]/Starred", "event": "open_folder", "folder": "[Gmail]/Starred"}
{"time": "2026-07-26T02:15:19", "level": "INFO", "logger": "mail.ui", "component": "ui", "message": "Opening folder [Gmail]/Important", "event": "open_folder", "folder": "[Gmail]/Important"}
{"time": "2026-07-26T02:15:25", "level": "INFO", "logger": "config", "component": "config", "message": "Settings written to E:\\Studio\\EmailChecking\\config.ini"}
{"time": "2026-07-26T02:15:25", "level": "INFO", "logger": "mail.storage", "component": "sync", "message": "Pruned 27 cached message(s) from [Gmail]/All Mail", "event": "cache_prune", "folder": "[Gmail]/All Mail", "removed": 27}
{"time": "2026-07-26T02:15:25", "level": "INFO", "logger": "mail.sync", "component": "sync", "message": "Synced [Gmail]/All Mail: 27 new, 0 flag change(s), 0 removed", "event": "sync_done", "folder": "[Gmail]/All Mail", "new": 27, "cached": 0, "flags": 0, "removed": 0, "total": 4702, "unread": 0}
